******************************************************************************
                  MSP430 Linker PC v18.1.1                     
******************************************************************************
>> Linked Wed Jul 25 13:31:51 2018

OUTPUT FILE NAME:   <FinalProject.out>
ENTRY POINT SYMBOL: "_c_int00_noargs"  address: 000086a2


MEMORY CONFIGURATION

         name            origin    length      used     unused   attr    fill
----------------------  --------  ---------  --------  --------  ----  --------
  SFR                   00000000   00000010  00000000  00000010  RWIX
  PERIPHERALS_8BIT      00000010   000000f0  00000000  000000f0  RWIX
  PERIPHERALS_16BIT     00000100   00000100  00000000  00000100  RWIX
  RAM                   00000200   00000400  000000ae  00000352  RWIX
  INFOD                 00001000   00000040  00000000  00000040  RWIX
  INFOC                 00001040   00000040  00000000  00000040  RWIX
  INFOB                 00001080   00000040  00000000  00000040  RWIX
  INFOA                 000010c0   00000040  00000000  00000040  RWIX
  FLASH                 00008000   00007fde  000007e4  000077fa  RWIX
  BSLSIGNATURE          0000ffde   00000002  00000002  00000000  RWIX  ffff 
  INT00                 0000ffe0   00000002  00000000  00000002  RWIX
  INT01                 0000ffe2   00000002  00000000  00000002  RWIX
  INT02                 0000ffe4   00000002  00000002  00000000  RWIX
  INT03                 0000ffe6   00000002  00000002  00000000  RWIX
  INT04                 0000ffe8   00000002  00000000  00000002  RWIX
  INT05                 0000ffea   00000002  00000002  00000000  RWIX
  INT06                 0000ffec   00000002  00000002  00000000  RWIX
  INT07                 0000ffee   00000002  00000002  00000000  RWIX
  INT08                 0000fff0   00000002  00000002  00000000  RWIX
  INT09                 0000fff2   00000002  00000002  00000000  RWIX
  INT10                 0000fff4   00000002  00000002  00000000  RWIX
  INT11                 0000fff6   00000002  00000000  00000002  RWIX
  INT12                 0000fff8   00000002  00000002  00000000  RWIX
  INT13                 0000fffa   00000002  00000002  00000000  RWIX
  INT14                 0000fffc   00000002  00000002  00000000  RWIX
  RESET                 0000fffe   00000002  00000002  00000000  RWIX


SECTION ALLOCATION MAP

 output                                  attributes/
section   page    origin      length       input sections
--------  ----  ----------  ----------   ----------------
.data      0    00000200    0000005b     UNINITIALIZED
                  00000200    00000034     main.obj (.data:sine)
                  00000234    0000000c     main.obj (.data)
                  00000240    00000008     main.obj (.data:FLUSH)
                  00000248    00000007     main.obj (.data:FEED)
                  0000024f    00000001     --HOLE--
                  00000250    00000006     main.obj (.data:TOUCH)
                  00000256    00000005     main.obj (.data:HURRY)

.bss       0    0000025c    00000003     UNINITIALIZED
                  0000025c    00000002     (.common:l)
                  0000025e    00000001     (.common:uf_lcd_temp)

.stack     0    000005b0    00000050     UNINITIALIZED
                  000005b0    00000002     rts430_eabi.lib : boot.c.obj (.stack)
                  000005b2    0000004e     --HOLE--

.text      0    00008000    00000774     
                  00008000    000001ac     main.obj (.text:main)
                  000081ac    0000008e     function.obj (.text:lcd_char)
                  0000823a    0000008a     rts430_eabi.lib : fltuld.c.obj (.text:__mspabi_fltuld)
                  000082c4    0000008a     function.obj (.text:lcd_command)
                  0000834e    0000007c     rts430_eabi.lib : copy_decompress_lzss.c.obj (.text:decompress:lzss:__TI_decompress_lzss)
                  000083ca    00000072                     : fixdli.c.obj (.text:__mspabi_fixdli)
                  0000843c    0000006a     function.obj (.text:dac_write)
                  000084a6    0000005c     rts430_eabi.lib : lsr32.asm.obj (.text:l_lsr_const)
                  00008502    0000004c                     : lsr16.asm.obj (.text)
                  0000854e    00000042                     : autoinit.c.obj (.text:__TI_auto_init_nobinit_nopinit:__TI_auto_init_nobinit_nopinit)
                  00008590    0000003e                     : lsl32.asm.obj (.text:l_lsl_const)
                  000085ce    0000002c                     : asr16.asm.obj (.text)
                  000085fa    0000002c                     : div16s.asm.obj (.text)
                  00008626    0000002c                     : lsl16.asm.obj (.text)
                  00008652    00000028                     : fixdi.c.obj (.text:__mspabi_fixdi)
                  0000867a    00000028     function.obj (.text:lcd_init)
                  000086a2    0000001c     rts430_eabi.lib : boot.c.obj (.text:_c_int00_noargs)
                  000086be    00000018     function.obj (.text:input_PORTS)
                  000086d6    00000016     rts430_eabi.lib : div16u.asm.obj (.text)
                  000086ec    00000014                     : copy_zero_init.c.obj (.text:decompress:ZI:__TI_zero_init_nomemset:__TI_zero_init_nomemset)
                  00008700    00000014     function.obj (.text:init_ADC)
                  00008714    00000012     rts430_eabi.lib : copy_decompress_none.c.obj (.text:decompress:none:__TI_decompress_none)
                  00008726    00000012                     : lsr32.asm.obj (.text:l_lsr)
                  00008738    00000012                     : memcpy.c.obj (.text:memcpy)
                  0000874a    00000010                     : epilog.asm.obj (.text)
                  0000875a    00000008                     : isr_trap.asm.obj (.text:_isr:__TI_ISR_TRAP)
                  00008762    00000006                     : fltud.c.obj (.text:__mspabi_fltud)
                  00008768    00000006                     : exit.c.obj (.text:abort)
                  0000876e    00000004                     : pre_init.c.obj (.text:_system_pre_init)
                  00008772    00000002                     : startup.c.obj (.text:_system_post_cinit)

.cinit     0    00008774    00000070     
                  00008774    0000005e     (.cinit..data.load) [load image, compression = lzss]
                  000087d2    00000006     (__TI_handler_table)
                  000087d8    00000004     (.cinit..bss.load) [load image, compression = zero_init]
                  000087dc    00000008     (__TI_cinit_table)

.binit     0    00008000    00000000     

.init_array 
*          0    00008000    00000000     UNINITIALIZED

PORT1      0    0000ffe4    00000002     
                  0000ffe4    00000002     rts430_eabi.lib : int02.asm.obj (.int02)

PORT2      0    0000ffe6    00000002     
                  0000ffe6    00000002     rts430_eabi.lib : int03.asm.obj (.int03)

ADC10      0    0000ffea    00000002     
                  0000ffea    00000002     rts430_eabi.lib : int05.asm.obj (.int05)

USCIAB0TX 
*          0    0000ffec    00000002     
                  0000ffec    00000002     rts430_eabi.lib : int06.asm.obj (.int06)

USCIAB0RX 
*          0    0000ffee    00000002     
                  0000ffee    00000002     rts430_eabi.lib : int07.asm.obj (.int07)

TIMERA1    0    0000fff0    00000002     
                  0000fff0    00000002     rts430_eabi.lib : int08.asm.obj (.int08)

TIMERA0    0    0000fff2    00000002     
                  0000fff2    00000002     rts430_eabi.lib : int09.asm.obj (.int09)

WDT        0    0000fff4    00000002     
                  0000fff4    00000002     rts430_eabi.lib : int10.asm.obj (.int10)

TIMERB1    0    0000fff8    00000002     
                  0000fff8    00000002     rts430_eabi.lib : int12.asm.obj (.int12)

TIMERB0    0    0000fffa    00000002     
                  0000fffa    00000002     rts430_eabi.lib : int13.asm.obj (.int13)

NMI        0    0000fffc    00000002     
                  0000fffc    00000002     rts430_eabi.lib : int14.asm.obj (.int14)

.reset     0    0000fffe    00000002     
                  0000fffe    00000002     rts430_eabi.lib : boot.c.obj (.reset)

$fill000   0    0000ffde    00000002     
                  0000ffde    00000002     --HOLE-- [fill = ffff]

MODULE SUMMARY

       Module                       code   ro data   rw data
       ------                       ----   -------   -------
    .\
       main.obj                     428    0         92     
       function.obj                 470    0         1      
    +--+----------------------------+------+---------+---------+
       Total:                       898    0         93     
                                                            
    C:\ti\ccsv8\tools\compiler\ti-cgt-msp430_18.1.1.LTS\lib\rts430_eabi.lib
       fltuld.c.obj                 138    0         0      
       copy_decompress_lzss.c.obj   124    0         0      
       fixdli.c.obj                 114    0         0      
       lsr32.asm.obj                110    0         0      
       lsr16.asm.obj                76     0         0      
       autoinit.c.obj               66     0         0      
       lsl32.asm.obj                62     0         0      
       asr16.asm.obj                44     0         0      
       div16s.asm.obj               44     0         0      
       lsl16.asm.obj                44     0         0      
       fixdi.c.obj                  40     0         0      
       boot.c.obj                   28     2         0      
       div16u.asm.obj               22     0         0      
       copy_zero_init.c.obj         20     0         0      
       copy_decompress_none.c.obj   18     0         0      
       memcpy.c.obj                 18     0         0      
       epilog.asm.obj               16     0         0      
       isr_trap.asm.obj             8      0         0      
       exit.c.obj                   6      0         0      
       fltud.c.obj                  6      0         0      
       pre_init.c.obj               4      0         0      
       int02.asm.obj                0      2         0      
       int03.asm.obj                0      2         0      
       int05.asm.obj                0      2         0      
       int06.asm.obj                0      2         0      
       int07.asm.obj                0      2         0      
       int08.asm.obj                0      2         0      
       int09.asm.obj                0      2         0      
       int10.asm.obj                0      2         0      
       int12.asm.obj                0      2         0      
       int13.asm.obj                0      2         0      
       int14.asm.obj                0      2         0      
       startup.c.obj                2      0         0      
    +--+----------------------------+------+---------+---------+
       Total:                       1010   24        0      
                                                            
       Stack:                       0      0         80     
       Linker Generated:            0      112       0      
    +--+----------------------------+------+---------+---------+
       Grand Total:                 1908   136       173    


LINKER GENERATED COPY TABLES

__TI_cinit_table @ 000087dc records: 2, size/record: 4, table size: 8
	.data: load addr=00008774, load size=0000005e bytes, run addr=00000200, run size=0000005b bytes, compression=lzss
	.bss: load addr=000087d8, load size=00000004 bytes, run addr=0000025c, run size=00000003 bytes, compression=zero_init


LINKER GENERATED HANDLER TABLE

__TI_handler_table @ 000087d2 records: 3, size/record: 2, table size: 6
	index: 0, handler: __TI_zero_init
	index: 1, handler: __TI_decompress_lzss
	index: 2, handler: __TI_decompress_none


GLOBAL SYMBOLS: SORTED ALPHABETICALLY BY Name 

address   name                          
-------   ----                          
0000004a  ADC10AE0                      
0000004b  ADC10AE1                      
000001b0  ADC10CTL0                     
000001b2  ADC10CTL1                     
00000048  ADC10DTC0                     
00000049  ADC10DTC1                     
000001b4  ADC10MEM                      
000001bc  ADC10SA                       
00000057  BCSCTL1                       
00000058  BCSCTL2                       
00000053  BCSCTL3                       
00008768  C$$EXIT                       
000010fb  CALBC1_12MHZ                  
000010f9  CALBC1_16MHZ                  
000010ff  CALBC1_1MHZ                   
000010fd  CALBC1_8MHZ                   
000010fa  CALDCO_12MHZ                  
000010f8  CALDCO_16MHZ                  
000010fe  CALDCO_1MHZ                   
000010fc  CALDCO_8MHZ                   
00000056  DCOCTL                        
00000128  FCTL1                         
0000012a  FCTL2                         
0000012c  FCTL3                         
00000248  FEED                          
00000240  FLUSH                         
00000256  HURRY                         
00000000  IE1                           
00000001  IE2                           
00000002  IFG1                          
00000003  IFG2                          
000000c0  OA0CTL0                       
000000c1  OA0CTL1                       
000000c2  OA1CTL0                       
000000c3  OA1CTL1                       
00000022  P1DIR                         
00000025  P1IE                          
00000024  P1IES                         
00000023  P1IFG                         
00000020  P1IN                          
00000021  P1OUT                         
00000027  P1REN                         
00000026  P1SEL                         
0000002a  P2DIR                         
0000002d  P2IE                          
0000002c  P2IES                         
0000002b  P2IFG                         
00000028  P2IN                          
00000029  P2OUT                         
0000002f  P2REN                         
0000002e  P2SEL                         
0000001a  P3DIR                         
00000018  P3IN                          
00000019  P3OUT                         
00000010  P3REN                         
0000001b  P3SEL                         
0000001e  P4DIR                         
0000001c  P4IN                          
0000001d  P4OUT                         
00000011  P4REN                         
0000001f  P4SEL                         
00000172  TACCR0                        
00000174  TACCR1                        
00000176  TACCR2                        
00000162  TACCTL0                       
00000164  TACCTL1                       
00000166  TACCTL2                       
00000160  TACTL                         
0000012e  TAIV                          
00000170  TAR                           
00000192  TBCCR0                        
00000194  TBCCR1                        
00000196  TBCCR2                        
00000182  TBCCTL0                       
00000184  TBCCTL1                       
00000186  TBCCTL2                       
00000180  TBCTL                         
0000011e  TBIV                          
00000190  TBR                           
00000250  TOUCH                         
0000005d  UCA0ABCTL                     
00000062  UCA0BR0                       
00000063  UCA0BR1                       
00000060  UCA0CTL0                      
00000061  UCA0CTL1                      
0000005f  UCA0IRRCTL                    
0000005e  UCA0IRTCTL                    
00000064  UCA0MCTL                      
00000066  UCA0RXBUF                     
00000065  UCA0STAT                      
00000067  UCA0TXBUF                     
0000006a  UCB0BR0                       
0000006b  UCB0BR1                       
00000068  UCB0CTL0                      
00000069  UCB0CTL1                      
0000006c  UCB0I2CIE                     
00000118  UCB0I2COA                     
0000011a  UCB0I2CSA                     
0000006e  UCB0RXBUF                     
0000006d  UCB0STAT                      
0000006f  UCB0TXBUF                     
00000120  WDTCTL                        
00000600  __STACK_END                   
00000050  __STACK_SIZE                  
000087dc  __TI_CINIT_Base               
000087e4  __TI_CINIT_Limit              
000087d2  __TI_Handler_Table_Base       
000087d8  __TI_Handler_Table_Limit      
0000875a  __TI_ISR_TRAP                 
0000854e  __TI_auto_init_nobinit_nopinit
0000834e  __TI_decompress_lzss          
00008714  __TI_decompress_none          
0000ffe4  __TI_int02                    
0000ffe6  __TI_int03                    
0000ffea  __TI_int05                    
0000ffec  __TI_int06                    
0000ffee  __TI_int07                    
0000fff0  __TI_int08                    
0000fff2  __TI_int09                    
0000fff4  __TI_int10                    
0000fff8  __TI_int12                    
0000fffa  __TI_int13                    
0000fffc  __TI_int14                    
ffffffff  __TI_pprof_out_hndl           
ffffffff  __TI_prof_data_size           
ffffffff  __TI_prof_data_start          
000086ec  __TI_zero_init_nomemset       
ffffffff  __c_args__                    
000085fa  __mspabi_divi                 
000086d6  __mspabi_divu                 
00008652  __mspabi_fixdi                
000083ca  __mspabi_fixdli               
00008762  __mspabi_fltud                
0000823a  __mspabi_fltuld               
00008756  __mspabi_func_epilog_1        
00008754  __mspabi_func_epilog_2        
00008752  __mspabi_func_epilog_3        
00008750  __mspabi_func_epilog_4        
0000874e  __mspabi_func_epilog_5        
0000874c  __mspabi_func_epilog_6        
0000874a  __mspabi_func_epilog_7        
000085fa  __mspabi_remi                 
000086d6  __mspabi_remu                 
00008626  __mspabi_slli                 
0000864e  __mspabi_slli_1               
0000863c  __mspabi_slli_10              
0000863a  __mspabi_slli_11              
00008638  __mspabi_slli_12              
00008636  __mspabi_slli_13              
00008634  __mspabi_slli_14              
00008632  __mspabi_slli_15              
0000864c  __mspabi_slli_2               
0000864a  __mspabi_slli_3               
00008648  __mspabi_slli_4               
00008646  __mspabi_slli_5               
00008644  __mspabi_slli_6               
00008642  __mspabi_slli_7               
00008640  __mspabi_slli_8               
0000863e  __mspabi_slli_9               
000085c8  __mspabi_slll_1               
000085a4  __mspabi_slll_10              
000085a0  __mspabi_slll_11              
0000859c  __mspabi_slll_12              
00008598  __mspabi_slll_13              
00008594  __mspabi_slll_14              
00008590  __mspabi_slll_15              
000085c4  __mspabi_slll_2               
000085c0  __mspabi_slll_3               
000085bc  __mspabi_slll_4               
000085b8  __mspabi_slll_5               
000085b4  __mspabi_slll_6               
000085b0  __mspabi_slll_7               
000085ac  __mspabi_slll_8               
000085a8  __mspabi_slll_9               
000085ce  __mspabi_srai                 
000085f6  __mspabi_srai_1               
000085e4  __mspabi_srai_10              
000085e2  __mspabi_srai_11              
000085e0  __mspabi_srai_12              
000085de  __mspabi_srai_13              
000085dc  __mspabi_srai_14              
000085da  __mspabi_srai_15              
000085f4  __mspabi_srai_2               
000085f2  __mspabi_srai_3               
000085f0  __mspabi_srai_4               
000085ee  __mspabi_srai_5               
000085ec  __mspabi_srai_6               
000085ea  __mspabi_srai_7               
000085e8  __mspabi_srai_8               
000085e6  __mspabi_srai_9               
00008502  __mspabi_srli                 
00008548  __mspabi_srli_1               
00008524  __mspabi_srli_10              
00008520  __mspabi_srli_11              
0000851c  __mspabi_srli_12              
00008518  __mspabi_srli_13              
00008514  __mspabi_srli_14              
00008510  __mspabi_srli_15              
00008544  __mspabi_srli_2               
00008540  __mspabi_srli_3               
0000853c  __mspabi_srli_4               
00008538  __mspabi_srli_5               
00008534  __mspabi_srli_6               
00008530  __mspabi_srli_7               
0000852c  __mspabi_srli_8               
00008528  __mspabi_srli_9               
00008726  __mspabi_srll                 
000084fa  __mspabi_srll_1               
000084c4  __mspabi_srll_10              
000084be  __mspabi_srll_11              
000084b8  __mspabi_srll_12              
000084b2  __mspabi_srll_13              
000084ac  __mspabi_srll_14              
000084a6  __mspabi_srll_15              
000084f4  __mspabi_srll_2               
000084ee  __mspabi_srll_3               
000084e8  __mspabi_srll_4               
000084e2  __mspabi_srll_5               
000084dc  __mspabi_srll_6               
000084d6  __mspabi_srll_7               
000084d0  __mspabi_srll_8               
000084ca  __mspabi_srll_9               
000086a2  _c_int00_noargs               
0000fffe  _reset_vector                 
000005b0  _stack                        
00008772  _system_post_cinit            
0000876e  _system_pre_init              
00008768  abort                         
00000234  adcValue                      
0000843c  dac_write                     
0000023a  delay                         
00008700  init_ADC                      
000086be  input_PORTS                   
0000025c  l                             
000081ac  lcd_char                      
000082c4  lcd_command                   
0000867a  lcd_init                      
00008000  main                          
00008738  memcpy                        
00000200  sine                          
0000023c  switch1                       
0000023e  switch2                       
0000025e  uf_lcd_temp                   
00000236  voltage                       


GLOBAL SYMBOLS: SORTED BY Symbol Address 

address   name                          
-------   ----                          
00000000  IE1                           
00000001  IE2                           
00000002  IFG1                          
00000003  IFG2                          
00000010  P3REN                         
00000011  P4REN                         
00000018  P3IN                          
00000019  P3OUT                         
0000001a  P3DIR                         
0000001b  P3SEL                         
0000001c  P4IN                          
0000001d  P4OUT                         
0000001e  P4DIR                         
0000001f  P4SEL                         
00000020  P1IN                          
00000021  P1OUT                         
00000022  P1DIR                         
00000023  P1IFG                         
00000024  P1IES                         
00000025  P1IE                          
00000026  P1SEL                         
00000027  P1REN                         
00000028  P2IN                          
00000029  P2OUT                         
0000002a  P2DIR                         
0000002b  P2IFG                         
0000002c  P2IES                         
0000002d  P2IE                          
0000002e  P2SEL                         
0000002f  P2REN                         
00000048  ADC10DTC0                     
00000049  ADC10DTC1                     
0000004a  ADC10AE0                      
0000004b  ADC10AE1                      
00000050  __STACK_SIZE                  
00000053  BCSCTL3                       
00000056  DCOCTL                        
00000057  BCSCTL1                       
00000058  BCSCTL2                       
0000005d  UCA0ABCTL                     
0000005e  UCA0IRTCTL                    
0000005f  UCA0IRRCTL                    
00000060  UCA0CTL0                      
00000061  UCA0CTL1                      
00000062  UCA0BR0                       
00000063  UCA0BR1                       
00000064  UCA0MCTL                      
00000065  UCA0STAT                      
00000066  UCA0RXBUF                     
00000067  UCA0TXBUF                     
00000068  UCB0CTL0                      
00000069  UCB0CTL1                      
0000006a  UCB0BR0                       
0000006b  UCB0BR1                       
0000006c  UCB0I2CIE                     
0000006d  UCB0STAT                      
0000006e  UCB0RXBUF                     
0000006f  UCB0TXBUF                     
000000c0  OA0CTL0                       
000000c1  OA0CTL1                       
000000c2  OA1CTL0                       
000000c3  OA1CTL1                       
00000118  UCB0I2COA                     
0000011a  UCB0I2CSA                     
0000011e  TBIV                          
00000120  WDTCTL                        
00000128  FCTL1                         
0000012a  FCTL2                         
0000012c  FCTL3                         
0000012e  TAIV                          
00000160  TACTL                         
00000162  TACCTL0                       
00000164  TACCTL1                       
00000166  TACCTL2                       
00000170  TAR                           
00000172  TACCR0                        
00000174  TACCR1                        
00000176  TACCR2                        
00000180  TBCTL                         
00000182  TBCCTL0                       
00000184  TBCCTL1                       
00000186  TBCCTL2                       
00000190  TBR                           
00000192  TBCCR0                        
00000194  TBCCR1                        
00000196  TBCCR2                        
000001b0  ADC10CTL0                     
000001b2  ADC10CTL1                     
000001b4  ADC10MEM                      
000001bc  ADC10SA                       
00000200  sine                          
00000234  adcValue                      
00000236  voltage                       
0000023a  delay                         
0000023c  switch1                       
0000023e  switch2                       
00000240  FLUSH                         
00000248  FEED                          
00000250  TOUCH                         
00000256  HURRY                         
0000025c  l                             
0000025e  uf_lcd_temp                   
000005b0  _stack                        
00000600  __STACK_END                   
000010f8  CALDCO_16MHZ                  
000010f9  CALBC1_16MHZ                  
000010fa  CALDCO_12MHZ                  
000010fb  CALBC1_12MHZ                  
000010fc  CALDCO_8MHZ                   
000010fd  CALBC1_8MHZ                   
000010fe  CALDCO_1MHZ                   
000010ff  CALBC1_1MHZ                   
00008000  main                          
000081ac  lcd_char                      
0000823a  __mspabi_fltuld               
000082c4  lcd_command                   
0000834e  __TI_decompress_lzss          
000083ca  __mspabi_fixdli               
0000843c  dac_write                     
000084a6  __mspabi_srll_15              
000084ac  __mspabi_srll_14              
000084b2  __mspabi_srll_13              
000084b8  __mspabi_srll_12              
000084be  __mspabi_srll_11              
000084c4  __mspabi_srll_10              
000084ca  __mspabi_srll_9               
000084d0  __mspabi_srll_8               
000084d6  __mspabi_srll_7               
000084dc  __mspabi_srll_6               
000084e2  __mspabi_srll_5               
000084e8  __mspabi_srll_4               
000084ee  __mspabi_srll_3               
000084f4  __mspabi_srll_2               
000084fa  __mspabi_srll_1               
00008502  __mspabi_srli                 
00008510  __mspabi_srli_15              
00008514  __mspabi_srli_14              
00008518  __mspabi_srli_13              
0000851c  __mspabi_srli_12              
00008520  __mspabi_srli_11              
00008524  __mspabi_srli_10              
00008528  __mspabi_srli_9               
0000852c  __mspabi_srli_8               
00008530  __mspabi_srli_7               
00008534  __mspabi_srli_6               
00008538  __mspabi_srli_5               
0000853c  __mspabi_srli_4               
00008540  __mspabi_srli_3               
00008544  __mspabi_srli_2               
00008548  __mspabi_srli_1               
0000854e  __TI_auto_init_nobinit_nopinit
00008590  __mspabi_slll_15              
00008594  __mspabi_slll_14              
00008598  __mspabi_slll_13              
0000859c  __mspabi_slll_12              
000085a0  __mspabi_slll_11              
000085a4  __mspabi_slll_10              
000085a8  __mspabi_slll_9               
000085ac  __mspabi_slll_8               
000085b0  __mspabi_slll_7               
000085b4  __mspabi_slll_6               
000085b8  __mspabi_slll_5               
000085bc  __mspabi_slll_4               
000085c0  __mspabi_slll_3               
000085c4  __mspabi_slll_2               
000085c8  __mspabi_slll_1               
000085ce  __mspabi_srai                 
000085da  __mspabi_srai_15              
000085dc  __mspabi_srai_14              
000085de  __mspabi_srai_13              
000085e0  __mspabi_srai_12              
000085e2  __mspabi_srai_11              
000085e4  __mspabi_srai_10              
000085e6  __mspabi_srai_9               
000085e8  __mspabi_srai_8               
000085ea  __mspabi_srai_7               
000085ec  __mspabi_srai_6               
000085ee  __mspabi_srai_5               
000085f0  __mspabi_srai_4               
000085f2  __mspabi_srai_3               
000085f4  __mspabi_srai_2               
000085f6  __mspabi_srai_1               
000085fa  __mspabi_divi                 
000085fa  __mspabi_remi                 
00008626  __mspabi_slli                 
00008632  __mspabi_slli_15              
00008634  __mspabi_slli_14              
00008636  __mspabi_slli_13              
00008638  __mspabi_slli_12              
0000863a  __mspabi_slli_11              
0000863c  __mspabi_slli_10              
0000863e  __mspabi_slli_9               
00008640  __mspabi_slli_8               
00008642  __mspabi_slli_7               
00008644  __mspabi_slli_6               
00008646  __mspabi_slli_5               
00008648  __mspabi_slli_4               
0000864a  __mspabi_slli_3               
0000864c  __mspabi_slli_2               
0000864e  __mspabi_slli_1               
00008652  __mspabi_fixdi                
0000867a  lcd_init                      
000086a2  _c_int00_noargs               
000086be  input_PORTS                   
000086d6  __mspabi_divu                 
000086d6  __mspabi_remu                 
000086ec  __TI_zero_init_nomemset       
00008700  init_ADC                      
00008714  __TI_decompress_none          
00008726  __mspabi_srll                 
00008738  memcpy                        
0000874a  __mspabi_func_epilog_7        
0000874c  __mspabi_func_epilog_6        
0000874e  __mspabi_func_epilog_5        
00008750  __mspabi_func_epilog_4        
00008752  __mspabi_func_epilog_3        
00008754  __mspabi_func_epilog_2        
00008756  __mspabi_func_epilog_1        
0000875a  __TI_ISR_TRAP                 
00008762  __mspabi_fltud                
00008768  C$$EXIT                       
00008768  abort                         
0000876e  _system_pre_init              
00008772  _system_post_cinit            
000087d2  __TI_Handler_Table_Base       
000087d8  __TI_Handler_Table_Limit      
000087dc  __TI_CINIT_Base               
000087e4  __TI_CINIT_Limit              
0000ffe4  __TI_int02                    
0000ffe6  __TI_int03                    
0000ffea  __TI_int05                    
0000ffec  __TI_int06                    
0000ffee  __TI_int07                    
0000fff0  __TI_int08                    
0000fff2  __TI_int09                    
0000fff4  __TI_int10                    
0000fff8  __TI_int12                    
0000fffa  __TI_int13                    
0000fffc  __TI_int14                    
0000fffe  _reset_vector                 
ffffffff  __TI_pprof_out_hndl           
ffffffff  __TI_prof_data_size           
ffffffff  __TI_prof_data_start          
ffffffff  __c_args__                    

[244 symbols]
